[40m[2J[2;1H[3;1H[7C[0;1mзд© зд© бдд© зд© здд© зд© дбд б б б   зд© дбд дбд зд© бд© зд©[4;1H[7CЁ   Ё Ё Ё  Ё Ё   Ё  Ё Ё Ё  Ё  Ё Ё Ё   Ё Ё  Ё   Ё  Ё Ё Ё Ё Ё[5;1H[7CЁ   Ё Ё Ё  Ё Ё © цбды цд╢  Ё  Ё Ё Ё   цд╢  Ё   Ё  Ё Ё Ё Ё юд©[6;1H[7CЁ   Ё Ё Ё [s
[u Ё Ё Ё Ёю©  Ё Ё  Ё  Ё Ё Ё   Ё Ё  Ё   Ё  Ё Ё Ё Ё   Ё[7;1H[7Cюды юды а  а юды а ю  а а  а  юды юдд а а  а  дад юды а а юды
